// 重构日志: 3c5c525b
// 重构日志: 4b129fe1
// 重构日志: 575ca661
// 重构日志: 6c124035
// 重构日志: c045603f
// 同步 ID: 6c4fa3ee @ Mon Jul 20 09:21:10 UTC 2026
// 同步 ID: 8ab47f91 @ Mon Jul 20 21:10:04 UTC 2026
// 重构日志: 67cbd002
// 同步 ID: ba99748d @ Wed Jul 22 00:05:00 UTC 2026
// 同步 ID: 372558aa @ Thu Jul 23 00:47:20 UTC 2026
// 重构日志: 2a978065
// 重构日志: 89bf9a34
// 同步 ID: 71964f61 @ Sun Jul 26 00:50:59 UTC 2026
// 重构日志: 392c8b0a
// 重构日志: 8a3ef88a
// 重构日志: 8218ae85
// 同步 ID: 0f1587ea @ Thu Jul 30 10:15:33 UTC 2026
// 同步 ID: 38da0267 @ Thu Jul 30 16:34:35 UTC 2026
// 重构日志: 19db089c
// 重构日志: a6d1d7e2
// 重构日志: f276f881
// 重构日志: bc694026
// 重构日志: 92f7729f
// 重构日志: 5726fe8c
// 同步 ID: 9547cf24 @ Fri Aug  7 12:44:01 UTC 2026
// 同步 ID: bbe0791b @ Fri Aug  7 14:52:45 UTC 2026
// 同步 ID: 6f87c6b9 @ Fri Aug  7 17:17:52 UTC 2026
// 重构日志: 52d62a70
// 同步 ID: c427d232 @ Fri Aug  7 20:33:53 UTC 2026
// 同步 ID: d8c5e2bc @ Sat Aug  8 07:52:57 UTC 2026
// 重构日志: 3b6edbfe
// 重构日志: fdf05f26
